n=4   r=1   graphs=0            counterexamples=0   max_i=-1  min_mu*=1073741824 ties=0          0s
n=4   r=2   graphs=1            counterexamples=0   max_i=2   min_mu*=2   ties=1          0s
n=4   r=3   graphs=1            counterexamples=0   max_i=1   min_mu*=2   ties=0          0s
n=5   r=2   graphs=1            counterexamples=0   max_i=2   min_mu*=2   ties=1          0s
n=5   r=4   graphs=1            counterexamples=0   max_i=1   min_mu*=2   ties=0          0s
n=6   r=1   graphs=0            counterexamples=0   max_i=-1  min_mu*=1073741824 ties=0          0s
n=6   r=2   graphs=1            counterexamples=0   max_i=2   min_mu*=2   ties=1          0s
n=6   r=3   graphs=2            counterexamples=0   max_i=3   min_mu*=2   ties=2          0s
n=6   r=4   graphs=1            counterexamples=0   max_i=2   min_mu*=2   ties=1          0s
n=6   r=5   graphs=1            counterexamples=0   max_i=1   min_mu*=3   ties=0          0s
n=7   r=2   graphs=1            counterexamples=0   max_i=3   min_mu*=3   ties=1          0s
n=7   r=4   graphs=2            counterexamples=0   max_i=2   min_mu*=2   ties=1          0s
n=7   r=6   graphs=1            counterexamples=0   max_i=1   min_mu*=3   ties=0          0s
n=8   r=1   graphs=0            counterexamples=0   max_i=-1  min_mu*=1073741824 ties=0          0s
n=8   r=2   graphs=1            counterexamples=0   max_i=3   min_mu*=3   ties=1          0s
n=8   r=3   graphs=5            counterexamples=0   max_i=3   min_mu*=3   ties=2          0s
n=8   r=4   graphs=6            counterexamples=0   max_i=4   min_mu*=3   ties=1          0s
n=8   r=5   graphs=3            counterexamples=0   max_i=2   min_mu*=3   ties=0          0s
n=8   r=6   graphs=1            counterexamples=0   max_i=2   min_mu*=3   ties=0          0s
n=8   r=7   graphs=1            counterexamples=0   max_i=1   min_mu*=4   ties=0          0s
n=9   r=2   graphs=1            counterexamples=0   max_i=3   min_mu*=3   ties=1          0s
n=9   r=4   graphs=16           counterexamples=0   max_i=3   min_mu*=3   ties=3          0s
n=9   r=6   graphs=4            counterexamples=0   max_i=3   min_mu*=3   ties=1          0s
n=9   r=8   graphs=1            counterexamples=0   max_i=1   min_mu*=4   ties=0          0s
n=10  r=1   graphs=0            counterexamples=0   max_i=-1  min_mu*=1073741824 ties=0          0s
n=10  r=2   graphs=1            counterexamples=0   max_i=4   min_mu*=4   ties=1          0s
n=10  r=3   graphs=19           counterexamples=0   max_i=4   min_mu*=3   ties=10         0s
n=10  r=4   graphs=59           counterexamples=0   max_i=4   min_mu*=3   ties=5          0s
n=10  r=5   graphs=60           counterexamples=0   max_i=5   min_mu*=3   ties=1          0s
n=10  r=6   graphs=21           counterexamples=0   max_i=2   min_mu*=3   ties=0          0s
n=10  r=7   graphs=5            counterexamples=0   max_i=2   min_mu*=4   ties=0          0s
n=10  r=8   graphs=1            counterexamples=0   max_i=2   min_mu*=4   ties=0          0s
n=10  r=9   graphs=1            counterexamples=0   max_i=1   min_mu*=5   ties=0          0s
n=11  r=2   graphs=1            counterexamples=0   max_i=4   min_mu*=4   ties=1          0s
n=11  r=4   graphs=265          counterexamples=0   max_i=4   min_mu*=4   ties=2          0s
n=11  r=6   graphs=266          counterexamples=0   max_i=3   min_mu*=3   ties=1          0s
n=11  r=8   graphs=6            counterexamples=0   max_i=2   min_mu*=4   ties=0          0s
n=11  r=10  graphs=1            counterexamples=0   max_i=1   min_mu*=5   ties=0          0s
n=12  r=1   graphs=0            counterexamples=0   max_i=-1  min_mu*=1073741824 ties=0          0s
n=12  r=2   graphs=1            counterexamples=0   max_i=4   min_mu*=4   ties=1          0s
n=12  r=3   graphs=85           counterexamples=0   max_i=4   min_mu*=4   ties=42         0s
n=12  r=4   graphs=1544         counterexamples=0   max_i=4   min_mu*=4   ties=25         0s
n=12  r=5   graphs=7848         counterexamples=0   max_i=4   min_mu*=4   ties=3          1s
n=12  r=6   graphs=7849         counterexamples=0   max_i=6   min_mu*=4   ties=2          1s
n=12  r=7   graphs=1547         counterexamples=0   max_i=3   min_mu*=4   ties=0          0s
n=12  r=8   graphs=94           counterexamples=0   max_i=4   min_mu*=4   ties=1          0s
n=12  r=9   graphs=9            counterexamples=0   max_i=3   min_mu*=5   ties=0          0s
n=12  r=10  graphs=1            counterexamples=0   max_i=2   min_mu*=5   ties=0          0s
n=12  r=11  graphs=1            counterexamples=0   max_i=1   min_mu*=6   ties=0          0s
n=13  r=2   graphs=1            counterexamples=0   max_i=5   min_mu*=5   ties=1          0s
n=13  r=4   graphs=10778        counterexamples=0   max_i=5   min_mu*=4   ties=142        0s
n=13  r=6   graphs=367860       counterexamples=0   max_i=4   min_mu*=4   ties=1          77s
n=13  r=8   graphs=10786        counterexamples=0   max_i=3   min_mu*=4   ties=0          0s
n=13  r=10  graphs=10           counterexamples=0   max_i=2   min_mu*=5   ties=0          0s
n=13  r=12  graphs=1            counterexamples=0   max_i=1   min_mu*=6   ties=0          0s
